ok — tool completed
x && y < z
x && y < z
x && y < z
x && y < z
x && y < z
x && y < z
x && y < z
x && y < z
x && y < z
x && y < z
x && y < z
x && y < z
x && y < z
x && y < z
x && y < z
x && y < z
x && y < z
x && y < z
x && y < z
x && y < z
x && y < z
x && y < z
x && y < z
x && y < z
x && y < z
x && y < z
x && y < z
x && y < z
x && y < z
x && y < z
x && y < z
x && y < z
x && y < z
x && y < z
x && y < z
x && y < z
x && y < z
x && y < z
x && y < z
x && y < z
x && y < z
x && y < z
x && y < z
x && y < z
x && y < z
x && y < z
x && y < z
x && y < z
x && y < z
x &
...[truncated, 2221 chars total]...