{"ok":true,"success":true,"code":"ok","summary":"tool completed","data":{"payload":{"content":"x && y < z\nx && y < z\nx && y < z\nx && y < z\nx && y < z\nx && y < z\nx && y < z\nx && y < z\nx && y < z\nx && y < z\nx && y < z\nx && y < z\nx && y < z\nx && y < z\nx && y < z\nx && y < z\nx && y < z\nx && y < z\nx && y < z\nx && y < z\nx && y < z\nx && y < z\nx && y < z\nx && y < z\nx && y < z\nx && y < z\nx && y < z\nx && y < z\nx && y < z\nx && y < z\nx && y < z\nx && y < z\nx && y < z\nx && y < z\nx && y < z\nx && y < z\nx && y < z\nx && y < z\nx && y < z\nx && y < z\nx && y < z\nx && y < z\nx