{"ok":false,"success":false,"message":"edit search text must exactly match","code":"search_not_found","summary":"read the file again before retrying","data":{"recovery":{"code":"search_not_found","recommended_next_tool":"read_file","recommended_input":{"file_path":"a&b.cs"},"retryable":false,"reason":"read the file again before retrying"}}}